*zï¿½ï¿½Í•ï¿½ï¿½  Length[0m
[0;32mI (51) boot:  0 nvs              WiFi data        01 02 00009000 00006000[0m
[0;32mI (58) boot:  1 phy_init  [0;32mI (13) boot: ESP-IDF v5.3.2-dirty 2nd stage bootloader[0m
[0;32mI (13) boot: compile time Nov  9 2025 18:24:13[0m
[0;32mI (13) boot: Multicore bootloader[0m
[0;32mI (17) boot: chip revision: v3.1[0m
[0;32mI (21) boot.esp32: SPI Speed      : 40MHz[0m
[0;32mI (26) boot.esp32: SPI Mode       : DIO[0m
[0;32mI (30) boot.esp32: SPI Flash Size : 2MB[0m
[0;32mI (35) boot: Enabling RNG early entropy source...[0m
[0;32mI (40) boot: Partition Table:[0m
[0;32mI (44) boot: ## Label            Usage          Type ST Offset   Length[0m
[0;32mI (51) boot:  0 nvs              WiFi data        01 02 00009000 00006000[0m
[0;32mI (58) boot:  1 phy_init         RF data          01 01 0000f000 00001000[0m
[0;32mI (66) boot:  2 factory          factory app      00 00 00010000 00100000[0m
[0;32mI (73) boot: End of partition table[0m
[0;32mI (78) esp_image: segment 0: paddr=00010020 vaddr=3f400020 size=1e9a0h (125344) map[0m
[0;32mI (129) esp_image: segment 1: paddr=0002e9c8 vaddr=3ffb0000 size=01650h (  5712) load[0m
[0;32mI (131) esp_image: segment 2: paddr=00030020 vaddr=400d0020 size=92624h (599588) map[0m
[0;32mI (340) esp_image: segment 3: paddr=000c264c vaddr=3ffb1650 size=02984h ( 10628) load[0m
[0;32mI (344) esp_image: segment 4: paddr=000c4fd8 vaddr=40080000 size=18f88h (102280) load[0m
[0;32mI (398) boot: Loaded app from partition at offset 0x10000[0m
[0;32mI (399) boot: Disabling RNG early entropy source...[0m
[0;32mI (411) cpu_start: Multicore app[0m
[0;32mI (419) cpu_start: Pro cpu start user code[0m
[0;32mI (419) cpu_start: cpu freq: 160000000 Hz[0m
[0;32mI (419) app_init: Application information:[0m
[0;32mI (422) app_init: Project name:     IDF_project[0m
[0;32mI (427) app_init: App version:      1[0m
[0;32mI (432) app_init: Compile time:     Nov  9 2025 18:23:38[0m
[0;32mI (438) app_init: ELF file SHA256:  0b9b2493f...[0m
[0;32mI (443) app_init: ESP-IDF:          v5.3.2-dirty[0m
[0;32mI (448) efuse_init: Min chip rev:     v0.0[0m
[0;32mI (453) efuse_init: Max chip rev:     v3.99 [0m
[0;32mI (458) efuse_init: Chip rev:         v3.1[0m
[0;32mI (463) heap_init: Initializing. RAM available for dynamic allocation:[0m
[0;32mI (470) heap_init: At 3FFAE6E0 len 00001920 (6 KiB): DRAM[0m
[0;32mI (476) heap_init: At 3FFB8308 len 00027CF8 (159 KiB): DRAM[0m
[0;32mI (482) heap_init: At 3FFE0440 len 00003AE0 (14 KiB): D/IRAM[0m
[0;32mI (489) heap_init: At 3FFE4350 len 0001BCB0 (111 KiB): D/IRAM[0m
[0;32mI (495) heap_init: At 40098F88 len 00007078 (28 KiB): IRAM[0m
[0;32mI (503) spi_flash: detected chip: generic[0m
[0;32mI (506) spi_flash: flash io: dio[0m
[0;33mW (510) spi_flash: Detected size(4096k) larger than the size in the binary image header(2048k). Using the size in the binary image header.[0m
[0;33mW (523) i2c: This driver is an old driver, please migrate your application code to adapt `driver/i2c_master.h`[0m
[0;32mI (535) main_task: Started on CPU0[0m
[0;32mI (545) main_task: Calling app_main()[0m
[0;32mI (545) MAIN: Connecting to WiFi...[0m
[0;32mI (595) wifi:wifi driver task: 3ffc0454, prio:23, stack:6656, core=0[0m
[0;32mI (605) wifi:wifi firmware version: b0fd6006b[0m
[0;32mI (605) wifi:wifi certification version: v7.0[0m
[0;32mI (605) wifi:config NVS flash: enabled[0m
[0;32mI (605) wifi:config nano formating: disabled[0m
[0;32mI (615) wifi:Init data frame dynamic rx buffer num: 32[0m
[0;32mI (615) wifi:Init static rx mgmt buffer num: 5[0m
[0;32mI (625) wifi:Init management short buffer num: 32[0m
[0;32mI (625) wifi:Init dynamic tx buffer num: 32[0m
[0;32mI (635) wifi:Init static rx buffer size: 1600[0m
[0;32mI (635) wifi:Init static rx buffer num: 10[0m
[0;32mI (635) wifi:Init dynamic rx buffer num: 32[0m
[0;32mI (645) wifi_init: rx ba win: 6[0m
[0;32mI (645) wifi_init: accept mbox: 6[0m
[0;32mI (655) wifi_init: tcpip mbox: 32[0m
[0;32mI (655) wifi_init: udp mbox: 6[0m
[0;32mI (655) wifi_init: tcp mbox: 6[0m
[0;32mI (665) wifi_init: tcp tx win: 5760[0m
[0;32mI (665) wifi_init: tcp rx win: 5760[0m
[0;32mI (675) wifi_init: tcp mss: 1440[0m
[0;32mI (675) wifi_init: WiFi IRAM OP enabled[0m
[0;32mI (675) wifi_init: WiFi RX IRAM OP enabled[0m
[0;32mI (685) phy_init: phy_version 4840,02e0d70,Sep  2 2024,19:39:07[0m
[0;32mI (775) wifi:mode : sta (d8:13:2a:7f:8e:e4)[0m
[0;32mI (775) wifi:enable tsf[0m
[0;32mI (775) WEBSERVER: WiFi initialization finished.[0m
[0;32mI (795) wifi:new:<7,0>, old:<1,0>, ap:<255,255>, sta:<7,0>, prof:1, snd_ch_cfg:0x0[0m
[0;32mI (795) wifi:state: init -> auth (0xb0)[0m
[0;32mI (825) wifi:state: auth -> assoc (0x0)[0m
[0;32mI (835) wifi:state: assoc -> run (0x10)[0m
[0;32mI (865) wifi:connected with Tran Van Tuan, aid = 17, channel 7, BW20, bssid = e4:60:4d:cf:9a:d7[0m
[0;32mI (865) wifi:security: WPA2-PSK, phy: bgn, rssi: -50[0m
[0;32mI (875) wifi:pm start, type: 1[0m

[0;32mI (875) wifi:dp: 1, bi: 102400, li: 3, scale listen interval from 307200 us to 307200 us[0m
[0;32mI (885) wifi:<ba-add>idx:0 (ifx:0, e4:60:4d:cf:9a:d7), tid:0, ssn:2, winSize:64[0m
[0;32mI (955) wifi:AP's beacon interval = 102400 us, DTIM period = 1[0m
[0;32mI (3885) esp_netif_handlers: sta ip: 192.168.1.102, mask: 255.255.255.0, gw: 192.168.1.1[0m
Got IP: 192.168.1.102
[0;32mI (3885) WEBSERVER: Connected to AP SSID:Tran Van Tuan[0m
[0;32mI (3885) MAIN: WiFi connected! Starting web server...[0m
