3 (SPI_FAST_*ï¿½ï¿½ï¿½2: SPI Mode       : DIO[0m
[0;32mI (49) boot.esp32: SPI Flash Size : 2MB[0mï¿½ets Jul 29 2019 12:21:46

rst:0x1 (POWERON_RESET),boot:0x13 (SPI_FAST_FLASH_BOOT)
configsip: 0, SPIWP:0xee
clk_drv:0x00,q_drv:0x00,d_drv:0x00,cs0_drv:0x00,hd_drv:0x00,wp_drv:0x00
mode:DIO, clock div:2
load:0x3fff0030,len:7176
load:0x40078000,len:15564
ho 0 tail 12 room 4
load:0x40080400,len:4
load:0x40080404,len:3904
entry 0x40080640
[0;32mI (31) boot: ESP-IDF v5.3.2-dirty 2nd stage bootloader[0m
[0;32mI (31) boot: compile time Nov  9 2025 18:24:13[0m
[0;32mI (31) boot: Multicore bootloader[0m
[0;32mI (36) boot: chip revision: v3.1[0m
[0;32mI (40) boot.esp32: SPI Speed      : 40MHz[0m
[0;32mI (44) boot.esp32: SPI Mode       : DIO[0m
[0;32mI (49) boot.esp32: SPI Flash Size : 2MB[0m
[0;32mI (53) boot: Enabling RNG early entropy source...[0m
[0;32mI (59) boot: Partition Table:[0m
[0;32mI (62) boot: ## Label            Usage          Type ST Offset   Length[0m
[0;32mI (70) boot:  0 nvs              WiFi data        01 02 00009000 00006000[0m
[0;32mI (77) boot:  1 phy_init         RF data          01 01 0000f000 00001000[0m
[0;32mI (85) boot:  2 factory          factory app      00 00 00010000 00100000[0m
[0;32mI (92) boot: End of partition table[0m
[0;32mI (96) esp_image: segment 0: paddr=00010020 vaddr=3f400020 size=0a874h ( 43124) map[0m
[0;32mI (120) esp_image: segment 1: paddr=0001a89c vaddr=3ffb0000 size=023fch (  9212) load[0m
[0;32mI (123) esp_image: segment 2: paddr=0001cca0 vaddr=40080000 size=03378h ( 13176) load[0m
[0;32mI (131) esp_image: segment 3: paddr=00020020 vaddr=400d0020 size=16274h ( 90740) map[0m
[0;32mI (165) esp_image: segment 4: paddr=0003629c vaddr=40083378 size=09d64h ( 40292) load[0m
[0;32mI (188) boot: Loaded app from partition at offset 0x10000[0m
[0;32mI (188) boot: Disabling RNG early entropy source...[0m
[0;32mI (200) cpu_start: Multicore app[0m
[0;32mI (208) cpu_start: Pro cpu start user code[0m
[0;32mI (208) cpu_start: cpu freq: 160000000 Hz[0m
[0;32mI (208) app_init: Application information:[0m
[0;32mI (211) app_init: Project name:     IDF_project[0m
[0;32mI (217) app_init: App version:      1[0m
[0;32mI (221) app_init: Compile time:     Nov  9 2025 18:23:38[0m
[0;32mI (227) app_init: ELF file SHA256:  4d8358003...[0m
[0;32mI (232) app_init: ESP-IDF:          v5.3.2-dirty[0m
[0;32mI (237) efuse_init: Min chip rev:     v0.0[0m
[0;32mI (242) efuse_init: Max chip rev:     v3.99 [0m
[0;32mI (247) efuse_init: Chip rev:         v3.1[0m
[0;32mI (252) heap_init: Initializing. RAM available for dynamic allocation:[0m
[0;32mI (259) heap_init: At 3FFAE6E0 len 00001920 (6 KiB): DRAM[0m
[0;32mI (265) heap_init: At 3FFB2D50 len 0002D2B0 (180 KiB): DRAM[0m
[0;32mI (272) heap_init: At 3FFE0440 len 00003AE0 (14 KiB): D/IRAM[0m
[0;32mI (278) heap_init: At 3FFE4350 len 0001BCB0 (111 KiB): D/IRAM[0m
[0;32mI (284) heap_init: At 4008D0DC len 00012F24 (75 KiB): IRAM[0m
[0;32mI (292) spi_flash: detected chip: generic[0m
[0;32mI (295) spi_flash: flash io: dio[0m
[0;33mW (299) spi_flash: Detected size(4096k) larger than the size in the binary image header(2048k). Using the size in the binary image header.[0m
[0;32mI (313) main_task: Started on CPU0[0m
[0;32mI (323) main_task: Calling app_main()[0m
[0;32mI (323) MOTOR: Initializing LEDC for motor control[0m
[0;32mI (323) MOTOR: LEDC PWM initialized successfully (20kHz, 8-bit resolution)[0m
[0;32mI (433) gpio: GPIO[2]| InputEn: 0| OutputEn: 1| OpenDrain: 0| Pullup: 0| Pulldown: 0| Intr:0 [0m
[0;32mI (433) GPIO: LED GPIO initialized[0m
[0;32mI (433) gpio: GPIO[15]| InputEn: 1| OutputEn: 0| OpenDrain: 0| Pullup: 1| Pulldown: 0| Intr:1 [0m
[0;32mI (443) GPIO: Button GPIO initialized[0m
[0;32mI (543) MOTOR: Servo channel 2 initialized on GPIO 14[0m
[0;32mI (643) MOTOR: Servo channel 3 initialized on GPIO 27[0m
