
configsip: 0, SPIWP:0mï¿½;32mI (49) boot.esp32: SPI Flash Size : 2MB[0m
[0;32mI (53) boot: Enabling RNGï¿½ets Jul 29 2019 12:21:46

rst:0x1 (POWERON_RESET),boot:0x13 (SPI_FAST_FLASH_BOOT)
configsip: 0, SPIWP:0xee
clk_drv:0x00,q_drv:0x00,d_drv:0x00,cs0_drv:0x00,hd_drv:0x00,wp_drv:0x00
mode:DIO, clock div:2
load:0x3fff0030,len:7176
load:0x40078000,len:15564
ho 0 tail 12 room 4
load:0x40080400,len:4
load:0x40080404,len:3904
entry 0x40080640
[0;32mI (31) boot: ESP-IDF v5.3.2-dirty 2nd stage bootloader[0m
[0;32mI (31) boot: compile time Nov  9 2025 18:24:13[0m
[0;32mI (31) boot: Multicore bootloader[0m
[0;32mI (36) boot: chip revision: v3.1[0m
[0;32mI (40) boot.esp32: SPI Speed      : 40MHz[0m
[0;32mI (44) boot.esp32: SPI Mode       : DIO[0m
[0;32mI (49) boot.esp32: SPI Flash Size : 2MB[0m
[0;32mI (53) boot: Enabling RNG early entropy source...[0m
[0;32mI (59) boot: Partition Table:[0m
[0;32mI (62) boot: ## Label            Usage          Type ST Offset   Length[0m
[0;32mI (70) boot:  0 nvs              WiFi data        01 02 00009000 00006000[0m
[0;32mI (77) boot:  1 phy_init         RF data          01 01 0000f000 00001000[0m
[0;32mI (85) boot:  2 factory          factory app      00 00 00010000 00100000[0m
[0;32mI (92) boot: End of partition table[0m
[0;32mI (96) esp_image: segment 0: paddr=00010020 vaddr=3f400020 size=1e708h (124680) map[0m
[0;32mI (148) esp_image: segment 1: paddr=0002e730 vaddr=3ffb0000 size=018e8h (  6376) load[0m
[0;32mI (150) esp_image: segment 2: paddr=00030020 vaddr=400d0020 size=92aech (600812) map[0m
[0;32mI (359) esp_image: segment 3: paddr=000c2b14 vaddr=3ffb18e8 size=026ech (  9964) load[0m
[0;32mI (363) esp_image: segment 4: paddr=000c5208 vaddr=40080000 size=18d8ch (101772) load[0m
[0;32mI (417) boot: Loaded app from partition at offset 0x10000[0m
[0;32mI (417) boot: Disabling RNG early entropy source...[0m
[0;32mI (430) cpu_start: Multicore app[0m
[0;32mI (438) cpu_start: Pro cpu start user code[0m
[0;32mI (438) cpu_start: cpu freq: 160000000 Hz[0m
[0;32mI (438) app_init: Application information:[0m
[0;32mI (441) app_init: Project name:     IDF_project[0m
[0;32mI (446) app_init: App version:      1[0m
[0;32mI (451) app_init: Compile time:     Nov  9 2025 18:23:38[0m
[0;32mI (457) app_init: ELF file SHA256:  4862097e3...[0m
[0;32mI (462) app_init: ESP-IDF:          v5.3.2-dirty[0m
[0;32mI (467) efuse_init: Min chip rev:     v0.0[0m
[0;32mI (472) efuse_init: Max chip rev:     v3.99 [0m
[0;32mI (477) efuse_init: Chip rev:         v3.1[0m
[0;32mI (482) heap_init: Initializing. RAM available for dynamic allocation:[0m
[0;32mI (489) heap_init: At 3FFAE6E0 len 00001920 (6 KiB): DRAM[0m
[0;32mI (495) heap_init: At 3FFB8330 len 00027CD0 (159 KiB): DRAM[0m
[0;32mI (501) heap_init: At 3FFE0440 len 00003AE0 (14 KiB): D/IRAM[0m
[0;32mI (507) heap_init: At 3FFE4350 len 0001BCB0 (111 KiB): D/IRAM[0m
[0;32mI (514) heap_init: At 40098D8C len 00007274 (28 KiB): IRAM[0m
[0;32mI (522) spi_flash: detected chip: generic[0m
[0;32mI (525) spi_flash: flash io: dio[0m
[0;33mW (529) spi_flash: Detected size(4096k) larger than the size in the binary image header(2048k). Using the size in the binary image header.[0m
[0;33mW (542) i2c: This driver is an old driver, please migrate your application code to adapt `driver/i2c_master.h`[0m
[0;32mI (553) main_task: Started on CPU0[0m
[0;32mI (563) main_task: Calling app_main()[0m
[0;32mI (563) MAIN: Connecting to WiFi...[0m
[0;32mI (603) wifi:wifi driver task: 3ffc047c, prio:23, stack:6656, core=0[0m
[0;32mI (613) wifi:wifi firmware version: b0fd6006b[0m
[0;32mI (613) wifi:wifi certification version: v7.0[0m
[0;32mI (613) wifi:config NVS flash: enabled[0m
[0;32mI (613) wifi:config nano formating: disabled[0m
[0;32mI (623) wifi:Init data frame dynamic rx buffer num: 32[0m
[0;32mI (623) wifi:Init static rx mgmt buffer num: 5[0m
[0;32mI (633) wifi:Init management short buffer num: 32[0m
[0;32mI (633) wifi:Init dynamic tx buffer num: 32[0m
[0;32mI (643) wifi:Init static rx buffer size: 1600[0m
[0;32mI (643) wifi:Init static rx buffer num: 10[0m
[0;32mI (643) wifi:Init dynamic rx buffer num: 32[0m
[0;32mI (653) wifi_init: rx ba win: 6[0m
[0;32mI (653) wifi_init: accept mbox: 6[0m
[0;32mI (663) wifi_init: tcpip mbox: 32[0m
[0;32mI (663) wifi_init: udp mbox: 6[0m
[0;32mI (663) wifi_init: tcp mbox: 6[0m
[0;32mI (673) wifi_init: tcp tx win: 5760[0m
[0;32mI (673) wifi_init: tcp rx win: 5760[0m
[0;32mI (683) wifi_init: tcp mss: 1440[0m
[0;32mI (683) wifi_init: WiFi IRAM OP enabled[0m
[0;32mI (683) wifi_init: WiFi RX IRAM OP enabled[0m
[0;32mI (693) phy_init: phy_version 4840,02e0d70,Sep  2 2024,19:39:07[0m
[0;32mI (783) wifi:mode : sta (d8:13:2a:7f:8e:e4)[0m
[0;32mI (783) wifi:enable tsf[0m
[0;32mI (783) WEBSERVER: WiFi initialization finished.[0m
[0;32mI (793) wifi:new:<7,0>, old:<1,0>, ap:<255,255>, sta:<7,0>, prof:1, snd_ch_cfg:0x0[0m
[0;32mI (803) wifi:state: init -> auth (0xb0)[0m
[0;32mI (823) wifi:state: auth -> assoc (0x0)[0m
[0;32mI (833) wifi:state: assoc -> run (0x10)[0m
[0;32mI (873) wifi:connected with Tran Van Tuan, aid = 20, channel 7, BW20, bssid = e4:60:4d:cf:9a:d7[0m
[0;32mI (873) wifi:security: WPA2-PSK, phy: bgn, rssi: -41[0m
[0;32mI (873) wifi:pm start, type: 1[0m

[0;32mI (873) wifi:dp: 1, bi: 102400, li: 3, scale listen interval from 307200 us to 307200 us[0m
[0;32mI (893) wifi:AP's beacon interval = 102400 us, DTIM period = 1[0m
[0;32mI (893) wifi:<ba-add>idx:0 (ifx:0, e4:60:4d:cf:9a:d7), tid:0, ssn:2, winSize:64[0m
[0;32mI (3883) esp_netif_handlers: sta ip: 192.168.1.148, mask: 255.255.255.0, gw: 192.168.1.1[0m
Got IP: 192.168.1.148
[0;32mI (3883) WEBSERVER: Connected to AP SSID:Tran Van Tuan[0m
[0;32mI (3883) MAIN: WiFi connected! Starting web server...[0m
[0;32mI (4893) WEBSERVER: [34mPID loaded from NVS - Kp: 42.40, Ki: 0.50, Kd: 1.601[0m[0m
[0;32mI (4893) WEBSERVER: Starting HTTP server on port 80[0m
[0;32mI (4903) WEBSERVER: Web server started successfully![0m
[0;32mI (4903) MAIN: Web server started. Access PID tuning at http://[ESP32_IP][0m
[0;32mI (5403) MOTOR: Initializing LEDC for motor control[0m
[0;32mI (5403) MOTOR: LEDC PWM initialized successfully (20kHz, 8-bit resolution)[0m
[0;32mI (5503) gpio: GPIO[2]| InputEn: 0| OutputEn: 1| OpenDrain: 0| Pullup: 0| Pulldown: 0| Intr:0 [0m
[0;32mI (5503) GPIO: LED GPIO initialized[0m
[0;32mI (5503) gpio: GPIO[15]| InputEn: 1| OutputEn: 0| OpenDrain: 0| Pullup: 1| Pulldown: 0| Intr:1 [0m
[0;32mI (5513) GPIO: Button GPIO initialized[0m
[0;32mI (5613) MOTOR: Servo channel 2 initialized on GPIO 14[0m
[0;32mI (5713) MOTOR: Servo channel 3 initialized on GPIO 27[0m
[0;32mI (5813) MAIN: I2C initialized successfully[0m
[0;32mI (6113) MPU6050: Starting gyro calibration...[0m
[0;32mI (10813) MPU6050: MPU6050 initialized and calibrated done![0m
[0;32mI (10813) MPU6050: Gyro offsets - X: -407.72, Y: -64.74, Z: 36.11[0m
Robot ready. Press the button to start balancing...
Setpoint: 38.00, Measured: -10.42, Error: 96.83, Output: 190.00, I: 0.97, D: -520.85, Time: 24294469
Setpoint: 38.00, Measured: -0.34, Error: 76.68, Output: 190.00, I: 1.74, D: 503.86, Time: 24313936
Setpoint: 38.00, Measured: 12.86, Error: 50.28, Output: 190.00, I: 2.24, D: 659.96, Time: 24334183
Setpoint: 38.00, Measured: 20.42, Error: 35.16, Output: 190.00, I: 2.59, D: 378.16, Time: 24354250
Setpoint: 38.00, Measured: 23.85, Error: 28.31, Output: 190.00, I: 2.87, D: 171.14, Time: 24373931
Setpoint: 38.00, Measured: 31.86, Error: 12.28, Output: -117.69, I: 3.00, D: 400.67, Time: 24393932
Setpoint: 38.00, Measured: 34.93, Error: 6.14, Output: 110.00, I: 3.06, D: 153.60, Time: 24413928
Setpoint: 38.00, Measured: 37.50, Error: 1.01, Output: -159.47, I: 3.07, D: 128.25, Time: 24434186
Setpoint: 38.00, Measured: 39.48, Error: -2.96, Output: -190.00, I: 3.04, D: 99.20, Time: 24454246
Setpoint: 38.00, Measured: 41.28, Error: -6.55, Output: -190.00, I: 2.97, D: 89.78, Time: 24473932
Setpoint: 38.00, Measured: 43.04, Error: -10.09, Output: -190.00, I: 2.87, D: 88.38, Time: 24493928
Setpoint: 38.00, Measured: 44.83, Error: -13.67, Output: -190.00, I: 2.73, D: 89.53, Time: 24513928
Setpoint: 38.00, Measured: 45.67, Error: -15.34, Output: -190.00, I: 2.58, D: 41.89, Time: 24533928
Setpoint: 38.00, Measured: 46.08, Error: -16.16, Output: -190.00, I: 2.42, D: 20.49, Time: 24554333
Setpoint: 38.00, Measured: 47.35, Error: -18.70, Output: -190.00, I: 2.23, D: 63.54, Time: 24573936
Setpoint: 38.00, Measured: 48.27, Error: -20.53, Output: -190.00, I: 2.03, D: 45.73, Time: 24593928
Setpoint: 38.00, Measured: 49.83, Error: -23.66, Output: -190.00, I: 1.79, D: 78.22, Time: 24613936
Setpoint: 38.00, Measured: 51.54, Error: -27.08, Output: -190.00, I: 1.52, D: 85.58, Time: 24633932
Setpoint: 38.00, Measured: 50.10, Error: -24.20, Output: -190.00, I: 1.28, D: -72.21, Time: 24654340
Setpoint: 38.00, Measured: 49.00, Error: -22.00, Output: -190.00, I: 1.06, D: -54.91, Time: 24673927
Setpoint: 38.00, Measured: 48.78, Error: -21.55, Output: -190.00, I: 0.84, D: -11.21, Time: 24693924
Setpoint: 38.00, Measured: 49.97, Error: -23.95, Output: -190.00, I: 0.60, D: 59.88, Time: 24713928
Setpoint: 38.00, Measured: 50.64, Error: -25.28, Output: -190.00, I: 0.35, D: 33.31, Time: 24733924
Setpoint: 38.00, Measured: 50.74, Error: -25.49, Output: -190.00, I: 0.09, D: 5.27, Time: 24754344
Setpoint: 38.00, Measured: 54.17, Error: -32.33, Output: -190.00, I: -0.23, D: 171.02, Time: 24773944
Setpoint: 38.00, Measured: 51.75, Error: -27.50, Output: -190.00, I: -0.50, D: -120.67, Time: 24793925
Setpoint: 38.00, Measured: 55.52, Error: -35.03, Output: -190.00, I: -0.85, D: 188.23, Time: 24813924
Setpoint: 38.00, Measured: 34.43, Error: 7.15, Output: 190.00, I: -0.78, D: -1054.53, Time: 24833928
Setpoint: 38.00, Measured: 15.01, Error: 45.97, Output: 190.00, I: -0.32, D: -970.62, Time: 24854349
Setpoint: 38.00, Measured: 34.99, Error: 6.01, Output: -190.00, I: -0.26, D: 999.04, Time: 24873927
Setpoint: 38.00, Measured: 28.60, Error: 18.80, Output: 190.00, I: -0.07, D: -319.80, Time: 24893910
Setpoint: 38.00, Measured: 29.28, Error: 17.43, Output: 190.00, I: 0.10, D: 34.22, Time: 24913932
Setpoint: 38.00, Measured: 19.66, Error: 36.69, Output: 190.00, I: 0.47, D: -481.34, Time: 24933910
Setpoint: 38.00, Measured: -3.78, Error: 83.55, Output: 190.00, I: 1.30, D: -1171.65, Time: 24954784
Setpoint: 38.00, Measured: -5.32, Error: 86.64, Output: 190.00, I: 2.17, D: -77.08, Time: 24973918
Setpoint: 38.00, Measured: -11.85, Error: 99.70, Output: 190.00, I: 3.17, D: -326.69, Time: 24993928
Fail-safe activated! Angle exceeded safe limit.
[0;32mI (25533) main_task: Returned from app_main()[0m
